// Jest Snapshot v1, https://goo.gl/fbAQLP

exports[`it matches the snapshot 1`] = `
Array [
  <div
    id="info"
  >
    Меню
  </div>,
  <div
    id="field"
  >
    <div
      className="cell"
      onClick={null}
      style={
        Object {
          "cursor": "default",
        }
      }
    />
    <div
      className="cell"
      onClick={null}
      style={
        Object {
          "cursor": "default",
        }
      }
    />
    <div
      className="cell"
      onClick={null}
      style={
        Object {
          "cursor": "default",
        }
      }
    />
    <div
      className="cell"
      onClick={null}
      style={
        Object {
          "cursor": "default",
        }
      }
    />
    <div
      className="cell"
      onClick={null}
      style={
        Object {
          "cursor": "default",
        }
      }
    />
    <div
      className="cell"
      onClick={null}
      style={
        Object {
          "cursor": "default",
        }
      }
    />
    <div
      className="cell"
      onClick={null}
      style={
        Object {
          "cursor": "default",
        }
      }
    />
    <div
      className="cell"
      onClick={null}
      style={
        Object {
          "cursor": "default",
        }
      }
    />
    <div
      className="cell"
      onClick={null}
      style={
        Object {
          "cursor": "default",
        }
      }
    />
  </div>,
  <div
    id="menu"
  >
    <div
      id="title"
    >
      Крестики-нолики
    </div>
    <div
      id="question"
    >
      Выберите 
      <i
        className="fas fa-times"
      />
       или 
      <i
        className="far fa-circle"
      />
    </div>
    <div
      id="options"
    >
      <i
        className="fas fa-times"
        onClick={[Function]}
      />
      <i
        className="far fa-circle"
        onClick={[Function]}
      />
    </div>
  </div>,
]
`;
